[error:level5] Creating a new lock fails but it should not.

[error:level6] Does not return the correct value when we release lock before taking it.

[error:level1] failure in testing part of level 1.

[error:level2] failure in testing part of level 2.

